--- Startup times for process: Primary (or UI client) ---

times in msec
 clock   self+sourced   self:  sourced script
 clock   elapsed:              other lines

000.001  000.001: --- NVIM STARTING ---
000.150  000.150: event init
000.429  000.279: early init
001.733  001.304: locale set
001.793  000.060: init first window
002.508  000.715: inits 1
002.522  000.013: window checked
002.528  000.006: parsing arguments
003.118  000.053  000.053: require('vim._core.shared')
003.202  000.004  000.004: require('string.buffer')
003.227  000.048  000.044: require('vim.inspect')
003.298  000.063  000.063: require('vim._core.options')
003.301  000.180  000.069: require('vim._core.editor')
003.370  000.068  000.068: require('vim._core.system')
003.372  000.343  000.042: require('vim._init_packages')
003.374  000.503: init lua interpreter
007.171  003.797: nvim_ui_attach
007.468  000.297: nvim_set_client_info
007.469  000.001: --- NVIM STARTED ---

--- Startup times for process: Embedded ---

times in msec
 clock   self+sourced   self:  sourced script
 clock   elapsed:              other lines

000.000  000.000: --- NVIM STARTING ---
000.063  000.063: event init
000.203  000.140: early init
000.520  000.318: locale set
000.550  000.030: init first window
000.907  000.357: inits 1
000.916  000.009: window checked
000.920  000.004: parsing arguments
001.317  000.040  000.040: require('vim._core.shared')
001.379  000.003  000.003: require('string.buffer')
001.398  000.036  000.033: require('vim.inspect')
001.447  000.042  000.042: require('vim._core.options')
001.449  000.129  000.051: require('vim._core.editor')
001.498  000.048  000.048: require('vim._core.system')
001.499  000.245  000.027: require('vim._init_packages')
001.501  000.337: init lua interpreter
003.986  002.485: expanding arguments
003.999  000.012: inits 2
004.226  000.227: init highlight
004.226  000.001: waiting for UI
004.397  000.170: done waiting for UI
004.409  000.012: clear screen
004.567  000.013  000.013: require('vim.keymap')
005.392  000.150  000.150: sourcing nvim_exec2()
005.429  000.004  000.004: require('vim._core.log')
007.398  002.986  002.819: require('vim._core.defaults')
007.400  000.005: init default mappings & autocommands
007.912  000.055  000.055: sourcing /opt/homebrew/Cellar/neovim/0.12.4/share/nvim/runtime/ftplugin.vim
007.994  000.021  000.021: sourcing /opt/homebrew/Cellar/neovim/0.12.4/share/nvim/runtime/indent.vim
008.700  000.022  000.022: sourcing /Applications/Ghostty.app/Contents/Resources/ghostty/../nvim/site/ftdetect/ghostty.vim
008.718  000.166  000.144: sourcing nvim_exec2() called at /opt/homebrew/Cellar/neovim/0.12.4/share/nvim/runtime/filetype.lua:0
008.725  000.230  000.064: sourcing /opt/homebrew/Cellar/neovim/0.12.4/share/nvim/runtime/filetype.lua
008.783  000.007  000.007: sourcing /opt/homebrew/Cellar/neovim/0.12.4/share/nvim/runtime/ftplugin.vim
008.829  000.006  000.006: sourcing /opt/homebrew/Cellar/neovim/0.12.4/share/nvim/runtime/indent.vim
008.836  000.404  000.162: sourcing nvim_exec2() called at /Users/hugo/dotfiles/nvim/.config/nvim/init.lua:0
008.888  000.727  000.323: require('config.options')
008.989  000.100  000.100: require('config.icons')
009.086  000.095  000.095: require('config.autocmds')
009.191  000.104  000.104: require('config.theme')
010.509  000.004  000.004: require('vim.F')
010.563  001.294  001.290: require('vim.diagnostic')
010.566  001.374  000.080: require('config.diagnostics')
012.480  000.989  000.989: require('vim.lsp.protocol')
012.564  000.074  000.074: require('vim.fs')
012.601  001.277  000.215: require('vim.lsp.log')
013.593  000.006  000.006: require('vim._core.util')
013.602  001.000  000.994: require('vim.lsp.util')
014.007  000.187  000.187: require('vim.lsp.sync')
014.010  000.406  000.220: require('vim.lsp._changetracking')
014.435  000.133  000.133: require('vim.lsp._transport')
014.440  000.004  000.004: require('vim._core.stringbuffer')
014.461  000.450  000.313: require('vim.lsp.rpc')
014.478  003.809  000.676: require('vim.lsp')
014.984  004.417  000.607: require('config.lsp')
015.860  000.684  000.684: require('vim.lsp.buf')
015.874  000.889  000.206: require('config.keymaps')
016.372  000.382  000.382: require('lazy')
016.386  000.008  000.008: require('ffi')
016.572  000.171  000.171: require('vim.uri')
016.579  000.192  000.021: require('vim.loader')
016.718  000.129  000.129: require('lazy.stats')
016.873  000.121  000.121: require('lazy.core.util')
017.019  000.145  000.145: require('lazy.core.config')
017.275  000.127  000.127: require('lazy.core.handler')
017.641  000.130  000.130: require('lazy.pkg')
017.645  000.262  000.133: require('lazy.core.meta')
017.649  000.373  000.110: require('lazy.core.plugin')
017.654  000.634  000.134: require('lazy.core.loader')
017.991  000.098  000.098: require('lazy.core.fragments')
019.502  000.136  000.136: require('lazy.core.handler.event')
019.587  000.082  000.082: require('lazy.core.handler.cmd')
019.660  000.071  000.071: require('lazy.core.handler.ft')
019.739  000.077  000.077: require('lazy.core.handler.keys')
020.491  000.038  000.038: sourcing /opt/homebrew/Cellar/neovim/0.12.4/share/nvim/runtime/filetype.lua
020.493  000.070  000.032: sourcing nvim_exec2() called at /Users/hugo/dotfiles/nvim/.config/nvim/init.lua:0
021.274  000.532  000.532: require('gitsigns')
021.584  000.098  000.098: require('gitsigns.debug.log')
021.751  000.082  000.082: require('gitsigns.util')
021.757  000.172  000.089: require('gitsigns.config')
022.032  000.724  000.454: require('gitsigns.highlight')
022.138  000.095  000.095: require('gitsigns.debounce')
022.143  001.440  000.089: sourcing /Users/hugo/.local/share/nvim/lazy/gitsigns.nvim/plugin/gitsigns.lua
022.145  001.478  000.038: sourcing nvim_exec2() called at /Users/hugo/dotfiles/nvim/.config/nvim/init.lua:0
022.174  000.001  000.001: sourcing nvim_exec2() called at /Users/hugo/dotfiles/nvim/.config/nvim/init.lua:0
022.179  000.001  000.001: sourcing nvim_exec2() called at /Users/hugo/dotfiles/nvim/.config/nvim/init.lua:0
022.918  000.065  000.065: require('vim.treesitter.language')
022.991  000.071  000.071: require('vim.func')
023.062  000.070  000.070: require('vim.treesitter._range')
023.126  000.061  000.061: require('vim.func._memoize')
023.137  000.377  000.109: require('vim.treesitter.query')
023.150  000.483  000.106: require('vim.treesitter.languagetree')
023.154  000.627  000.144: require('vim.treesitter')
023.223  000.749  000.122: sourcing /Users/hugo/.local/share/nvim/lazy/nvim-treesitter/plugin/filetypes.lua
023.225  000.788  000.039: sourcing nvim_exec2() called at /Users/hugo/dotfiles/nvim/.config/nvim/init.lua:0
023.339  000.048  000.048: sourcing /Users/hugo/.local/share/nvim/lazy/nvim-treesitter/plugin/nvim-treesitter.lua
023.340  000.084  000.035: sourcing nvim_exec2() called at /Users/hugo/dotfiles/nvim/.config/nvim/init.lua:0
023.419  000.041  000.041: sourcing /Users/hugo/.local/share/nvim/lazy/nvim-treesitter/plugin/query_predicates.lua
023.420  000.077  000.035: sourcing nvim_exec2() called at /Users/hugo/dotfiles/nvim/.config/nvim/init.lua:0
023.423  000.001  000.001: sourcing nvim_exec2() called at /Users/hugo/dotfiles/nvim/.config/nvim/init.lua:0
023.428  000.001  000.001: sourcing nvim_exec2() called at /Users/hugo/dotfiles/nvim/.config/nvim/init.lua:0
023.642  000.212  000.212: require('nvim-treesitter')
023.862  000.130  000.130: require('nvim-treesitter.async')
023.955  000.092  000.092: require('nvim-treesitter.config')
024.029  000.073  000.073: require('nvim-treesitter.log')
024.659  000.630  000.630: require('nvim-treesitter.parsers')
024.742  000.082  000.082: require('nvim-treesitter.util')
024.754  001.111  000.104: require('nvim-treesitter.install')
024.942  000.185  000.185: require('nvim-treesitter.parsers')
025.211  000.001  000.001: sourcing nvim_exec2() called at /Users/hugo/dotfiles/nvim/.config/nvim/init.lua:0
025.215  000.001  000.001: sourcing nvim_exec2() called at /Users/hugo/dotfiles/nvim/.config/nvim/init.lua:0
025.563  000.070  000.070: require('lualine_require')
025.775  000.557  000.487: require('lualine')
025.868  000.005  000.005: sourcing nvim_exec2() called at /Users/hugo/dotfiles/nvim/.config/nvim/init.lua:0
026.225  000.072  000.072: require('lualine.highlight')
026.608  000.003  000.003: sourcing nvim_exec2() called at /Users/hugo/dotfiles/nvim/.config/nvim/init.lua:0
026.614  000.002  000.002: sourcing nvim_exec2() called at /Users/hugo/dotfiles/nvim/.config/nvim/init.lua:0
026.620  000.001  000.001: sourcing nvim_exec2() called at /Users/hugo/dotfiles/nvim/.config/nvim/init.lua:0
026.634  000.002  000.002: sourcing nvim_exec2() called at /Users/hugo/dotfiles/nvim/.config/nvim/init.lua:0
026.639  000.001  000.001: sourcing nvim_exec2() called at /Users/hugo/dotfiles/nvim/.config/nvim/init.lua:0
026.721  000.001  000.001: sourcing nvim_exec2() called at /Users/hugo/dotfiles/nvim/.config/nvim/init.lua:0
026.726  000.001  000.001: sourcing nvim_exec2() called at /Users/hugo/dotfiles/nvim/.config/nvim/init.lua:0
026.730  000.001  000.001: sourcing nvim_exec2() called at /Users/hugo/dotfiles/nvim/.config/nvim/init.lua:0
026.753  000.001  000.001: sourcing nvim_exec2() called at /Users/hugo/dotfiles/nvim/.config/nvim/init.lua:0
026.757  000.001  000.001: sourcing nvim_exec2() called at /Users/hugo/dotfiles/nvim/.config/nvim/init.lua:0
026.761  000.001  000.001: sourcing nvim_exec2() called at /Users/hugo/dotfiles/nvim/.config/nvim/init.lua:0
026.764  000.001  000.001: sourcing nvim_exec2() called at /Users/hugo/dotfiles/nvim/.config/nvim/init.lua:0
026.770  000.001  000.001: sourcing nvim_exec2() called at /Users/hugo/dotfiles/nvim/.config/nvim/init.lua:0
026.774  000.001  000.001: sourcing nvim_exec2() called at /Users/hugo/dotfiles/nvim/.config/nvim/init.lua:0
026.776  000.001  000.001: sourcing nvim_exec2() called at /Users/hugo/dotfiles/nvim/.config/nvim/init.lua:0
026.785  000.001  000.001: sourcing nvim_exec2() called at /Users/hugo/dotfiles/nvim/.config/nvim/init.lua:0
026.788  000.001  000.001: sourcing nvim_exec2() called at /Users/hugo/dotfiles/nvim/.config/nvim/init.lua:0
026.791  000.001  000.001: sourcing nvim_exec2() called at /Users/hugo/dotfiles/nvim/.config/nvim/init.lua:0
026.794  000.001  000.001: sourcing nvim_exec2() called at /Users/hugo/dotfiles/nvim/.config/nvim/init.lua:0
026.861  000.001  000.001: sourcing nvim_exec2() called at /Users/hugo/dotfiles/nvim/.config/nvim/init.lua:0
026.864  000.001  000.001: sourcing nvim_exec2() called at /Users/hugo/dotfiles/nvim/.config/nvim/init.lua:0
026.867  000.001  000.001: sourcing nvim_exec2() called at /Users/hugo/dotfiles/nvim/.config/nvim/init.lua:0
026.872  000.004  000.004: sourcing nvim_exec2() called at /Users/hugo/dotfiles/nvim/.config/nvim/init.lua:0
027.891  000.003  000.003: sourcing nvim_exec2() called at /Users/hugo/dotfiles/nvim/.config/nvim/init.lua:0
027.895  000.002  000.002: sourcing nvim_exec2() called at /Users/hugo/dotfiles/nvim/.config/nvim/init.lua:0
028.004  000.071  000.071: require('lualine.utils.mode')
028.107  000.004  000.004: sourcing nvim_exec2() called at /Users/hugo/dotfiles/nvim/.config/nvim/init.lua:0
028.123  000.003  000.003: sourcing nvim_exec2() called at /Users/hugo/dotfiles/nvim/.config/nvim/init.lua:0
028.132  000.008  000.008: sourcing nvim_exec2() called at /Users/hugo/dotfiles/nvim/.config/nvim/init.lua:0
028.137  000.003  000.003: sourcing nvim_exec2() called at /Users/hugo/dotfiles/nvim/.config/nvim/init.lua:0
028.141  000.002  000.002: sourcing nvim_exec2() called at /Users/hugo/dotfiles/nvim/.config/nvim/init.lua:0
028.190  000.001  000.001: sourcing nvim_exec2() called at /Users/hugo/dotfiles/nvim/.config/nvim/init.lua:0
028.194  000.000  000.000: sourcing nvim_exec2() called at /Users/hugo/dotfiles/nvim/.config/nvim/init.lua:0
028.520  000.324  000.324: require('oil')
028.602  000.080  000.080: require('oil.ringbuf')
028.722  000.119  000.119: require('oil.config')
029.779  000.948  000.948: require('vim.filetype')
030.231  000.084  000.084: require('oil.log')
030.242  000.199  000.116: require('oil.fs')
030.436  000.098  000.098: require('oil.constants')
030.446  000.203  000.105: require('oil.util')
030.865  000.275  000.275: require('blink.cmp')
031.031  000.088  000.088: require('blink.cmp.lib.async')
031.171  000.068  000.068: require('blink.cmp.config.utils')
031.235  000.063  000.063: require('blink.cmp.config.keymap')
031.367  000.063  000.063: require('blink.cmp.config.completion.keyword')
031.434  000.067  000.067: require('blink.cmp.config.completion.trigger')
031.502  000.066  000.066: require('blink.cmp.config.completion.list')
031.573  000.070  000.070: require('blink.cmp.config.completion.accept')
031.764  000.191  000.191: require('blink.cmp.config.completion.menu')
031.880  000.114  000.114: require('blink.cmp.config.completion.documentation')
032.030  000.149  000.149: require('blink.cmp.config.completion.ghost_text')
032.035  000.799  000.079: require('blink.cmp.config.completion')
032.217  000.181  000.181: require('blink.cmp.config.fuzzy')
032.355  000.137  000.137: require('blink.cmp.config.sources')
032.558  000.201  000.201: require('blink.cmp.config.signature')
032.736  000.177  000.177: require('blink.cmp.config.snippets')
032.843  000.107  000.107: require('blink.cmp.config.appearance')
032.924  000.080  000.080: require('blink.cmp.config.modes.cmdline')
032.993  000.069  000.069: require('blink.cmp.config.modes.term')
032.995  001.963  000.082: require('blink.cmp.config')
033.078  000.082  000.082: require('blink.cmp.lib.utils')
033.146  000.067  000.067: require('blink.cmp.lib.event_emitter')
033.149  002.283  000.083: require('blink.cmp.sources.lib')
033.165  002.615  000.057: sourcing /Users/hugo/.local/share/nvim/lazy/blink.cmp/plugin/blink-cmp.lua
033.169  002.652  000.037: sourcing nvim_exec2() called at /Users/hugo/dotfiles/nvim/.config/nvim/init.lua:0
033.178  000.004  000.004: sourcing nvim_exec2() called at /Users/hugo/dotfiles/nvim/.config/nvim/init.lua:0
033.218  000.001  000.001: sourcing nvim_exec2() called at /Users/hugo/dotfiles/nvim/.config/nvim/init.lua:0
033.343  000.085  000.085: require('blink-cmp')
033.987  000.075  000.075: require('blink.cmp.config.modes.types')
034.362  000.064  000.064: require('blink.cmp.fuzzy.download.system')
034.374  000.146  000.083: require('blink.cmp.fuzzy.download.files')
034.375  000.208  000.061: require('blink.cmp.fuzzy.download.git')
034.376  000.313  000.106: require('blink.cmp.fuzzy.download')
035.437  000.041  000.041: sourcing /opt/homebrew/Cellar/neovim/0.12.4/share/nvim/runtime/plugin/editorconfig.lua
035.438  000.082  000.041: sourcing nvim_exec2() called at /Users/hugo/dotfiles/nvim/.config/nvim/init.lua:0
035.564  000.081  000.081: sourcing /opt/homebrew/Cellar/neovim/0.12.4/share/nvim/runtime/plugin/gzip.vim
035.566  000.112  000.031: sourcing nvim_exec2() called at /Users/hugo/dotfiles/nvim/.config/nvim/init.lua:0
035.647  000.045  000.045: sourcing /opt/homebrew/Cellar/neovim/0.12.4/share/nvim/runtime/plugin/man.lua
035.648  000.078  000.034: sourcing nvim_exec2() called at /Users/hugo/dotfiles/nvim/.config/nvim/init.lua:0
036.110  000.102  000.102: sourcing /opt/homebrew/Cellar/neovim/0.12.4/share/nvim/runtime/pack/dist/opt/matchit/plugin/matchit.vim
036.123  000.444  000.342: sourcing /opt/homebrew/Cellar/neovim/0.12.4/share/nvim/runtime/plugin/matchit.vim
036.124  000.474  000.030: sourcing nvim_exec2() called at /Users/hugo/dotfiles/nvim/.config/nvim/init.lua:0
036.242  000.073  000.073: sourcing /opt/homebrew/Cellar/neovim/0.12.4/share/nvim/runtime/plugin/matchparen.vim
036.244  000.113  000.040: sourcing nvim_exec2() called at /Users/hugo/dotfiles/nvim/.config/nvim/init.lua:0
036.345  000.063  000.063: sourcing /opt/homebrew/Cellar/neovim/0.12.4/share/nvim/runtime/plugin/net.lua
036.347  000.099  000.037: sourcing nvim_exec2() called at /Users/hugo/dotfiles/nvim/.config/nvim/init.lua:0
036.387  000.006  000.006: sourcing /opt/homebrew/Cellar/neovim/0.12.4/share/nvim/runtime/plugin/netrwPlugin.vim
036.389  000.040  000.034: sourcing nvim_exec2() called at /Users/hugo/dotfiles/nvim/.config/nvim/init.lua:0
036.466  000.043  000.043: sourcing /opt/homebrew/Cellar/neovim/0.12.4/share/nvim/runtime/plugin/osc52.lua
036.467  000.076  000.032: sourcing nvim_exec2() called at /Users/hugo/dotfiles/nvim/.config/nvim/init.lua:0
036.579  000.079  000.079: sourcing /opt/homebrew/Cellar/neovim/0.12.4/share/nvim/runtime/plugin/rplugin.vim
036.581  000.111  000.032: sourcing nvim_exec2() called at /Users/hugo/dotfiles/nvim/.config/nvim/init.lua:0
036.712  000.088  000.088: sourcing /opt/homebrew/Cellar/neovim/0.12.4/share/nvim/runtime/plugin/shada.lua
036.714  000.131  000.042: sourcing nvim_exec2() called at /Users/hugo/dotfiles/nvim/.config/nvim/init.lua:0
036.830  000.056  000.056: sourcing /opt/homebrew/Cellar/neovim/0.12.4/share/nvim/runtime/plugin/spellfile.lua
036.831  000.093  000.037: sourcing nvim_exec2() called at /Users/hugo/dotfiles/nvim/.config/nvim/init.lua:0
036.932  000.042  000.042: sourcing /opt/homebrew/Cellar/neovim/0.12.4/share/nvim/runtime/plugin/tarPlugin.vim
036.933  000.078  000.035: sourcing nvim_exec2() called at /Users/hugo/dotfiles/nvim/.config/nvim/init.lua:0
036.996  000.009  000.009: sourcing /opt/homebrew/Cellar/neovim/0.12.4/share/nvim/runtime/plugin/tutor.vim
037.025  000.069  000.060: sourcing nvim_exec2() called at /Users/hugo/dotfiles/nvim/.config/nvim/init.lua:0
037.140  000.058  000.058: sourcing /opt/homebrew/Cellar/neovim/0.12.4/share/nvim/runtime/plugin/zipPlugin.vim
037.142  000.092  000.035: sourcing nvim_exec2() called at /Users/hugo/dotfiles/nvim/.config/nvim/init.lua:0
037.246  021.371  007.872: require('config.lazy')
037.247  029.138  000.061: sourcing /Users/hugo/.config/nvim/init.lua
037.252  000.638: sourcing vimrc file(s)
037.375  000.029  000.029: sourcing /opt/homebrew/Cellar/neovim/0.12.4/share/nvim/runtime/syntax/synload.vim
037.414  000.125  000.096: sourcing /opt/homebrew/Cellar/neovim/0.12.4/share/nvim/runtime/syntax/syntax.vim
037.421  000.044: inits 3
038.395  000.974: reading ShaDa
038.452  000.057: opening buffers
038.516  000.064: BufEnter autocommands
038.518  000.001: editing files in windows
038.538  000.020: VimEnter autocommands
038.560  000.022: UIEnter autocommands
038.561  000.001: before starting main loop
038.689  000.128: first screen update
038.690  000.001: --- NVIM STARTED ---

--- Startup times for process: Primary (or UI client) ---

times in msec
 clock   self+sourced   self:  sourced script
 clock   elapsed:              other lines

000.000  000.000: --- NVIM STARTING ---
000.113  000.113: event init
000.343  000.229: early init
000.878  000.535: locale set
000.926  000.048: init first window
001.552  000.626: inits 1
001.562  000.010: window checked
001.568  000.006: parsing arguments
002.218  000.054  000.054: require('vim._core.shared')
002.300  000.003  000.003: require('string.buffer')
002.325  000.045  000.042: require('vim.inspect')
002.378  000.044  000.044: require('vim._core.options')
002.380  000.157  000.069: require('vim._core.editor')
002.458  000.076  000.076: require('vim._core.system')
002.460  000.332  000.044: require('vim._init_packages')
002.463  000.563: init lua interpreter
005.978  003.515: nvim_ui_attach
006.317  000.339: nvim_set_client_info
006.318  000.001: --- NVIM STARTED ---

--- Startup times for process: Embedded ---

times in msec
 clock   self+sourced   self:  sourced script
 clock   elapsed:              other lines

000.000  000.000: --- NVIM STARTING ---
000.075  000.075: event init
000.321  000.245: early init
000.710  000.390: locale set
000.747  000.037: init first window
001.304  000.557: inits 1
001.326  000.022: window checked
001.336  000.010: parsing arguments
001.782  000.038  000.038: require('vim._core.shared')
001.840  000.003  000.003: require('string.buffer')
001.859  000.034  000.031: require('vim.inspect')
001.899  000.033  000.033: require('vim._core.options')
001.901  000.116  000.049: require('vim._core.editor')
001.950  000.048  000.048: require('vim._core.system')
001.951  000.230  000.029: require('vim._init_packages')
001.953  000.387: init lua interpreter
003.921  001.967: expanding arguments
003.935  000.014: inits 2
004.159  000.224: init highlight
004.159  000.001: waiting for UI
004.317  000.157: done waiting for UI
004.325  000.008: clear screen
004.459  000.011  000.011: require('vim.keymap')
005.607  000.142  000.142: sourcing nvim_exec2()
005.646  000.011  000.011: require('vim._core.log')
007.473  003.146  002.982: require('vim._core.defaults')
007.475  000.004: init default mappings & autocommands
007.964  000.054  000.054: sourcing /opt/homebrew/Cellar/neovim/0.12.4/share/nvim/runtime/ftplugin.vim
008.049  000.022  000.022: sourcing /opt/homebrew/Cellar/neovim/0.12.4/share/nvim/runtime/indent.vim
008.811  000.023  000.023: sourcing /Applications/Ghostty.app/Contents/Resources/ghostty/../nvim/site/ftdetect/ghostty.vim
008.827  000.178  000.155: sourcing nvim_exec2() called at /opt/homebrew/Cellar/neovim/0.12.4/share/nvim/runtime/filetype.lua:0
008.829  000.239  000.062: sourcing /opt/homebrew/Cellar/neovim/0.12.4/share/nvim/runtime/filetype.lua
008.890  000.007  000.007: sourcing /opt/homebrew/Cellar/neovim/0.12.4/share/nvim/runtime/ftplugin.vim
008.935  000.005  000.005: sourcing /opt/homebrew/Cellar/neovim/0.12.4/share/nvim/runtime/indent.vim
008.942  000.417  000.165: sourcing nvim_exec2() called at /Users/hugo/dotfiles/nvim/.config/nvim/init.lua:0
008.995  000.746  000.330: require('config.options')
009.102  000.106  000.106: require('config.icons')
009.205  000.102  000.102: require('config.autocmds')
009.322  000.115  000.115: require('config.theme')
010.689  000.004  000.004: require('vim.F')
010.721  001.308  001.304: require('vim.diagnostic')
010.724  001.401  000.093: require('config.diagnostics')
012.519  000.893  000.893: require('vim.lsp.protocol')
012.554  000.031  000.031: require('vim.fs')
012.574  001.112  000.188: require('vim.lsp.log')
013.748  000.006  000.006: require('vim._core.util')
013.757  001.182  001.176: require('vim.lsp.util')
014.156  000.186  000.186: require('vim.lsp.sync')
014.159  000.400  000.214: require('vim.lsp._changetracking')
014.589  000.141  000.141: require('vim.lsp._transport')
014.594  000.004  000.004: require('vim._core.stringbuffer')
014.616  000.456  000.311: require('vim.lsp.rpc')
014.633  003.807  000.657: require('vim.lsp')
014.876  004.151  000.344: require('config.lsp')
015.821  000.675  000.675: require('vim.lsp.buf')
015.864  000.987  000.312: require('config.keymaps')
016.363  000.366  000.366: require('lazy')
016.381  000.012  000.012: require('ffi')
016.515  000.118  000.118: require('vim.uri')
016.522  000.139  000.022: require('vim.loader')
016.700  000.169  000.169: require('lazy.stats')
016.820  000.090  000.090: require('lazy.core.util')
016.918  000.097  000.097: require('lazy.core.config')
017.125  000.110  000.110: require('lazy.core.handler')
017.484  000.151  000.151: require('lazy.pkg')
017.487  000.272  000.121: require('lazy.core.meta')
017.490  000.364  000.092: require('lazy.core.plugin')
017.498  000.579  000.104: require('lazy.core.loader')
017.704  000.091  000.091: require('lazy.core.fragments')
019.042  000.094  000.094: require('lazy.core.handler.event')
019.149  000.105  000.105: require('lazy.core.handler.keys')
019.216  000.066  000.066: require('lazy.core.handler.ft')
019.313  000.095  000.095: require('lazy.core.handler.cmd')
020.026  000.040  000.040: sourcing /opt/homebrew/Cellar/neovim/0.12.4/share/nvim/runtime/filetype.lua
020.028  000.070  000.030: sourcing nvim_exec2() called at /Users/hugo/dotfiles/nvim/.config/nvim/init.lua:0
020.787  000.509  000.509: require('blink.cmp')
020.956  000.086  000.086: require('blink.cmp.lib.async')
021.087  000.062  000.062: require('blink.cmp.config.utils')
021.149  000.061  000.061: require('blink.cmp.config.keymap')
021.274  000.060  000.060: require('blink.cmp.config.completion.keyword')
021.375  000.100  000.100: require('blink.cmp.config.completion.trigger')
021.461  000.085  000.085: require('blink.cmp.config.completion.list')
021.564  000.102  000.102: require('blink.cmp.config.completion.accept')
021.663  000.098  000.098: require('blink.cmp.config.completion.menu')
021.763  000.099  000.099: require('blink.cmp.config.completion.documentation')
021.863  000.099  000.099: require('blink.cmp.config.completion.ghost_text')
021.864  000.713  000.070: require('blink.cmp.config.completion')
021.958  000.094  000.094: require('blink.cmp.config.fuzzy')
022.029  000.070  000.070: require('blink.cmp.config.sources')
022.094  000.064  000.064: require('blink.cmp.config.signature')
022.161  000.066  000.066: require('blink.cmp.config.snippets')
022.233  000.071  000.071: require('blink.cmp.config.appearance')
022.308  000.075  000.075: require('blink.cmp.config.modes.cmdline')
022.401  000.093  000.093: require('blink.cmp.config.modes.term')
022.403  001.446  000.077: require('blink.cmp.config')
022.518  000.115  000.115: require('blink.cmp.lib.utils')
022.601  000.082  000.082: require('blink.cmp.lib.event_emitter')
022.604  001.816  000.088: require('blink.cmp.sources.lib')
022.712  002.479  000.153: sourcing /Users/hugo/.local/share/nvim/lazy/blink.cmp/plugin/blink-cmp.lua
022.713  002.520  000.041: sourcing nvim_exec2() called at /Users/hugo/dotfiles/nvim/.config/nvim/init.lua:0
022.718  000.001  000.001: sourcing nvim_exec2() called at /Users/hugo/dotfiles/nvim/.config/nvim/init.lua:0
022.723  000.001  000.001: sourcing nvim_exec2() called at /Users/hugo/dotfiles/nvim/.config/nvim/init.lua:0
022.839  000.071  000.071: require('blink-cmp')
024.064  000.072  000.072: require('blink.cmp.config.modes.types')
024.520  000.081  000.081: require('blink.cmp.fuzzy.download.system')
024.532  000.167  000.085: require('blink.cmp.fuzzy.download.files')
024.533  000.231  000.064: require('blink.cmp.fuzzy.download.git')
024.535  000.312  000.081: require('blink.cmp.fuzzy.download')
025.427  000.001  000.001: sourcing nvim_exec2() called at /Users/hugo/dotfiles/nvim/.config/nvim/init.lua:0
025.431  000.001  000.001: sourcing nvim_exec2() called at /Users/hugo/dotfiles/nvim/.config/nvim/init.lua:0
025.765  000.333  000.333: require('oil')
025.873  000.098  000.098: require('oil.ringbuf')
025.969  000.095  000.095: require('oil.config')
027.426  001.294  001.294: require('vim.filetype')
027.827  000.059  000.059: require('oil.log')
027.838  000.144  000.085: require('oil.fs')
027.972  000.054  000.054: require('oil.constants')
027.992  000.154  000.100: require('oil.util')
028.505  000.057  000.057: require('vim.treesitter.language')
028.558  000.051  000.051: require('vim.func')
028.639  000.080  000.080: require('vim.treesitter._range')
028.695  000.055  000.055: require('vim.func._memoize')
028.709  000.330  000.088: require('vim.treesitter.query')
028.715  000.415  000.085: require('vim.treesitter.languagetree')
028.719  000.488  000.073: require('vim.treesitter')
028.773  000.591  000.103: sourcing /Users/hugo/.local/share/nvim/lazy/nvim-treesitter/plugin/filetypes.lua
028.776  000.634  000.043: sourcing nvim_exec2() called at /Users/hugo/dotfiles/nvim/.config/nvim/init.lua:0
028.899  000.043  000.043: sourcing /Users/hugo/.local/share/nvim/lazy/nvim-treesitter/plugin/nvim-treesitter.lua
028.901  000.079  000.036: sourcing nvim_exec2() called at /Users/hugo/dotfiles/nvim/.config/nvim/init.lua:0
028.994  000.058  000.058: sourcing /Users/hugo/.local/share/nvim/lazy/nvim-treesitter/plugin/query_predicates.lua
029.021  000.117  000.059: sourcing nvim_exec2() called at /Users/hugo/dotfiles/nvim/.config/nvim/init.lua:0
029.024  000.001  000.001: sourcing nvim_exec2() called at /Users/hugo/dotfiles/nvim/.config/nvim/init.lua:0
029.029  000.001  000.001: sourcing nvim_exec2() called at /Users/hugo/dotfiles/nvim/.config/nvim/init.lua:0
029.281  000.250  000.250: require('nvim-treesitter')
029.421  000.070  000.070: require('nvim-treesitter.async')
029.483  000.061  000.061: require('nvim-treesitter.config')
029.542  000.058  000.058: require('nvim-treesitter.log')
029.768  000.226  000.226: require('nvim-treesitter.parsers')
029.825  000.056  000.056: require('nvim-treesitter.util')
029.830  000.548  000.078: require('nvim-treesitter.install')
029.984  000.152  000.152: require('nvim-treesitter.parsers')
030.207  000.001  000.001: sourcing nvim_exec2() called at /Users/hugo/dotfiles/nvim/.config/nvim/init.lua:0
030.211  000.001  000.001: sourcing nvim_exec2() called at /Users/hugo/dotfiles/nvim/.config/nvim/init.lua:0
030.618  000.116  000.116: require('lualine_require')
030.885  000.672  000.556: require('lualine')
031.031  000.009  000.009: sourcing nvim_exec2() called at /Users/hugo/dotfiles/nvim/.config/nvim/init.lua:0
031.498  000.156  000.156: require('lualine.highlight')
032.066  000.007  000.007: sourcing nvim_exec2() called at /Users/hugo/dotfiles/nvim/.config/nvim/init.lua:0
032.075  000.002  000.002: sourcing nvim_exec2() called at /Users/hugo/dotfiles/nvim/.config/nvim/init.lua:0
032.081  000.002  000.002: sourcing nvim_exec2() called at /Users/hugo/dotfiles/nvim/.config/nvim/init.lua:0
032.086  000.001  000.001: sourcing nvim_exec2() called at /Users/hugo/dotfiles/nvim/.config/nvim/init.lua:0
032.090  000.001  000.001: sourcing nvim_exec2() called at /Users/hugo/dotfiles/nvim/.config/nvim/init.lua:0
032.171  000.002  000.002: sourcing nvim_exec2() called at /Users/hugo/dotfiles/nvim/.config/nvim/init.lua:0
032.181  000.001  000.001: sourcing nvim_exec2() called at /Users/hugo/dotfiles/nvim/.config/nvim/init.lua:0
032.186  000.001  000.001: sourcing nvim_exec2() called at /Users/hugo/dotfiles/nvim/.config/nvim/init.lua:0
032.190  000.001  000.001: sourcing nvim_exec2() called at /Users/hugo/dotfiles/nvim/.config/nvim/init.lua:0
032.211  000.001  000.001: sourcing nvim_exec2() called at /Users/hugo/dotfiles/nvim/.config/nvim/init.lua:0
032.215  000.001  000.001: sourcing nvim_exec2() called at /Users/hugo/dotfiles/nvim/.config/nvim/init.lua:0
032.218  000.001  000.001: sourcing nvim_exec2() called at /Users/hugo/dotfiles/nvim/.config/nvim/init.lua:0
032.222  000.001  000.001: sourcing nvim_exec2() called at /Users/hugo/dotfiles/nvim/.config/nvim/init.lua:0
032.225  000.001  000.001: sourcing nvim_exec2() called at /Users/hugo/dotfiles/nvim/.config/nvim/init.lua:0
032.228  000.001  000.001: sourcing nvim_exec2() called at /Users/hugo/dotfiles/nvim/.config/nvim/init.lua:0
032.231  000.001  000.001: sourcing nvim_exec2() called at /Users/hugo/dotfiles/nvim/.config/nvim/init.lua:0
032.234  000.001  000.001: sourcing nvim_exec2() called at /Users/hugo/dotfiles/nvim/.config/nvim/init.lua:0
032.237  000.001  000.001: sourcing nvim_exec2() called at /Users/hugo/dotfiles/nvim/.config/nvim/init.lua:0
032.240  000.001  000.001: sourcing nvim_exec2() called at /Users/hugo/dotfiles/nvim/.config/nvim/init.lua:0
032.289  000.001  000.001: sourcing nvim_exec2() called at /Users/hugo/dotfiles/nvim/.config/nvim/init.lua:0
032.297  000.001  000.001: sourcing nvim_exec2() called at /Users/hugo/dotfiles/nvim/.config/nvim/init.lua:0
032.300  000.001  000.001: sourcing nvim_exec2() called at /Users/hugo/dotfiles/nvim/.config/nvim/init.lua:0
032.324  000.007  000.007: sourcing nvim_exec2() called at /Users/hugo/dotfiles/nvim/.config/nvim/init.lua:0
032.963  000.005  000.005: sourcing nvim_exec2() called at /Users/hugo/dotfiles/nvim/.config/nvim/init.lua:0
032.968  000.002  000.002: sourcing nvim_exec2() called at /Users/hugo/dotfiles/nvim/.config/nvim/init.lua:0
033.104  000.096  000.096: require('lualine.utils.mode')
033.666  000.005  000.005: sourcing nvim_exec2() called at /Users/hugo/dotfiles/nvim/.config/nvim/init.lua:0
033.690  000.004  000.004: sourcing nvim_exec2() called at /Users/hugo/dotfiles/nvim/.config/nvim/init.lua:0
033.705  000.014  000.014: sourcing nvim_exec2() called at /Users/hugo/dotfiles/nvim/.config/nvim/init.lua:0
033.711  000.003  000.003: sourcing nvim_exec2() called at /Users/hugo/dotfiles/nvim/.config/nvim/init.lua:0
033.715  000.002  000.002: sourcing nvim_exec2() called at /Users/hugo/dotfiles/nvim/.config/nvim/init.lua:0
034.223  000.348  000.348: require('gitsigns')
034.669  000.105  000.105: require('gitsigns.debug.log')
034.932  000.155  000.155: require('gitsigns.util')
034.949  000.279  000.124: require('gitsigns.config')
035.263  000.996  000.613: require('gitsigns.highlight')
035.402  000.130  000.130: require('gitsigns.debounce')
035.414  001.579  000.105: sourcing /Users/hugo/.local/share/nvim/lazy/gitsigns.nvim/plugin/gitsigns.lua
035.416  001.631  000.052: sourcing nvim_exec2() called at /Users/hugo/dotfiles/nvim/.config/nvim/init.lua:0
035.420  000.001  000.001: sourcing nvim_exec2() called at /Users/hugo/dotfiles/nvim/.config/nvim/init.lua:0
035.431  000.001  000.001: sourcing nvim_exec2() called at /Users/hugo/dotfiles/nvim/.config/nvim/init.lua:0
035.703  000.065  000.065: sourcing /opt/homebrew/Cellar/neovim/0.12.4/share/nvim/runtime/plugin/editorconfig.lua
035.705  000.105  000.040: sourcing nvim_exec2() called at /Users/hugo/dotfiles/nvim/.config/nvim/init.lua:0
035.839  000.082  000.082: sourcing /opt/homebrew/Cellar/neovim/0.12.4/share/nvim/runtime/plugin/gzip.vim
035.840  000.116  000.034: sourcing nvim_exec2() called at /Users/hugo/dotfiles/nvim/.config/nvim/init.lua:0
035.984  000.080  000.080: sourcing /opt/homebrew/Cellar/neovim/0.12.4/share/nvim/runtime/plugin/man.lua
035.985  000.113  000.033: sourcing nvim_exec2() called at /Users/hugo/dotfiles/nvim/.config/nvim/init.lua:0
036.977  000.093  000.093: sourcing /opt/homebrew/Cellar/neovim/0.12.4/share/nvim/runtime/pack/dist/opt/matchit/plugin/matchit.vim
036.986  000.963  000.870: sourcing /opt/homebrew/Cellar/neovim/0.12.4/share/nvim/runtime/plugin/matchit.vim
036.988  000.994  000.031: sourcing nvim_exec2() called at /Users/hugo/dotfiles/nvim/.config/nvim/init.lua:0
037.094  000.069  000.069: sourcing /opt/homebrew/Cellar/neovim/0.12.4/share/nvim/runtime/plugin/matchparen.vim
037.095  000.099  000.030: sourcing nvim_exec2() called at /Users/hugo/dotfiles/nvim/.config/nvim/init.lua:0
037.247  000.117  000.117: sourcing /opt/homebrew/Cellar/neovim/0.12.4/share/nvim/runtime/plugin/net.lua
037.248  000.147  000.030: sourcing nvim_exec2() called at /Users/hugo/dotfiles/nvim/.config/nvim/init.lua:0
037.286  000.005  000.005: sourcing /opt/homebrew/Cellar/neovim/0.12.4/share/nvim/runtime/plugin/netrwPlugin.vim
037.288  000.036  000.031: sourcing nvim_exec2() called at /Users/hugo/dotfiles/nvim/.config/nvim/init.lua:0
037.398  000.077  000.077: sourcing /opt/homebrew/Cellar/neovim/0.12.4/share/nvim/runtime/plugin/osc52.lua
037.399  000.107  000.029: sourcing nvim_exec2() called at /Users/hugo/dotfiles/nvim/.config/nvim/init.lua:0
037.510  000.071  000.071: sourcing /opt/homebrew/Cellar/neovim/0.12.4/share/nvim/runtime/plugin/rplugin.vim
037.511  000.103  000.032: sourcing nvim_exec2() called at /Users/hugo/dotfiles/nvim/.config/nvim/init.lua:0
037.672  000.127  000.127: sourcing /opt/homebrew/Cellar/neovim/0.12.4/share/nvim/runtime/plugin/shada.lua
037.673  000.158  000.030: sourcing nvim_exec2() called at /Users/hugo/dotfiles/nvim/.config/nvim/init.lua:0
037.797  000.077  000.077: sourcing /opt/homebrew/Cellar/neovim/0.12.4/share/nvim/runtime/plugin/spellfile.lua
037.798  000.111  000.034: sourcing nvim_exec2() called at /Users/hugo/dotfiles/nvim/.config/nvim/init.lua:0
037.876  000.040  000.040: sourcing /opt/homebrew/Cellar/neovim/0.12.4/share/nvim/runtime/plugin/tarPlugin.vim
037.877  000.071  000.031: sourcing nvim_exec2() called at /Users/hugo/dotfiles/nvim/.config/nvim/init.lua:0
037.918  000.008  000.008: sourcing /opt/homebrew/Cellar/neovim/0.12.4/share/nvim/runtime/plugin/tutor.vim
037.946  000.066  000.058: sourcing nvim_exec2() called at /Users/hugo/dotfiles/nvim/.config/nvim/init.lua:0
038.039  000.056  000.056: sourcing /opt/homebrew/Cellar/neovim/0.12.4/share/nvim/runtime/plugin/zipPlugin.vim
038.041  000.086  000.031: sourcing nvim_exec2() called at /Users/hugo/dotfiles/nvim/.config/nvim/init.lua:0
038.226  022.362  008.555: require('config.lazy')
038.227  030.062  000.092: sourcing /Users/hugo/.config/nvim/init.lua
038.232  000.618: sourcing vimrc file(s)
038.349  000.028  000.028: sourcing /opt/homebrew/Cellar/neovim/0.12.4/share/nvim/runtime/syntax/synload.vim
038.383  000.116  000.089: sourcing /opt/homebrew/Cellar/neovim/0.12.4/share/nvim/runtime/syntax/syntax.vim
038.389  000.041: inits 3
039.312  000.924: reading ShaDa
039.366  000.054: opening buffers
039.431  000.065: BufEnter autocommands
039.432  000.001: editing files in windows
039.459  000.027: VimEnter autocommands
039.491  000.032: UIEnter autocommands
039.492  000.001: before starting main loop
039.618  000.126: first screen update
039.618  000.001: --- NVIM STARTED ---

--- Startup times for process: Primary (or UI client) ---

times in msec
 clock   self+sourced   self:  sourced script
 clock   elapsed:              other lines

000.000  000.000: --- NVIM STARTING ---
000.126  000.125: event init
000.376  000.250: early init
000.956  000.581: locale set
001.004  000.048: init first window
001.557  000.553: inits 1
001.566  000.009: window checked
001.571  000.005: parsing arguments
002.113  000.050  000.050: require('vim._core.shared')
002.194  000.003  000.003: require('string.buffer')
002.220  000.047  000.043: require('vim.inspect')
002.273  000.045  000.045: require('vim._core.options')
002.276  000.159  000.067: require('vim._core.editor')
002.333  000.056  000.056: require('vim._core.system')
002.335  000.304  000.039: require('vim._init_packages')
002.337  000.462: init lua interpreter
006.234  003.897: nvim_ui_attach
006.530  000.296: nvim_set_client_info
006.531  000.001: --- NVIM STARTED ---

--- Startup times for process: Embedded ---

times in msec
 clock   self+sourced   self:  sourced script
 clock   elapsed:              other lines

000.000  000.000: --- NVIM STARTING ---
000.068  000.068: event init
000.211  000.142: early init
000.542  000.332: locale set
000.571  000.029: init first window
000.908  000.337: inits 1
000.917  000.009: window checked
000.921  000.004: parsing arguments
001.328  000.037  000.037: require('vim._core.shared')
001.386  000.002  000.002: require('string.buffer')
001.413  000.042  000.040: require('vim.inspect')
001.450  000.031  000.031: require('vim._core.options')
001.453  000.122  000.049: require('vim._core.editor')
001.492  000.038  000.038: require('vim._core.system')
001.493  000.224  000.026: require('vim._init_packages')
001.495  000.350: init lua interpreter
003.223  001.729: expanding arguments
003.240  000.016: inits 2
003.470  000.230: init highlight
003.470  000.001: waiting for UI
003.621  000.150: done waiting for UI
003.629  000.008: clear screen
003.759  000.012  000.012: require('vim.keymap')
004.686  000.126  000.126: sourcing nvim_exec2()
004.718  000.006  000.006: require('vim._core.log')
006.734  003.103  002.960: require('vim._core.defaults')
006.735  000.004: init default mappings & autocommands
007.185  000.042  000.042: sourcing /opt/homebrew/Cellar/neovim/0.12.4/share/nvim/runtime/ftplugin.vim
007.262  000.021  000.021: sourcing /opt/homebrew/Cellar/neovim/0.12.4/share/nvim/runtime/indent.vim
007.881  000.021  000.021: sourcing /Applications/Ghostty.app/Contents/Resources/ghostty/../nvim/site/ftdetect/ghostty.vim
007.897  000.156  000.134: sourcing nvim_exec2() called at /opt/homebrew/Cellar/neovim/0.12.4/share/nvim/runtime/filetype.lua:0
007.900  000.219  000.064: sourcing /opt/homebrew/Cellar/neovim/0.12.4/share/nvim/runtime/filetype.lua
007.959  000.007  000.007: sourcing /opt/homebrew/Cellar/neovim/0.12.4/share/nvim/runtime/ftplugin.vim
008.004  000.005  000.005: sourcing /opt/homebrew/Cellar/neovim/0.12.4/share/nvim/runtime/indent.vim
008.011  000.392  000.160: sourcing nvim_exec2() called at /Users/hugo/dotfiles/nvim/.config/nvim/init.lua:0
008.097  000.668  000.276: require('config.options')
008.200  000.103  000.103: require('config.icons')
008.316  000.115  000.115: require('config.autocmds')
008.421  000.105  000.105: require('config.theme')
009.751  000.004  000.004: require('vim.F')
009.803  001.296  001.293: require('vim.diagnostic')
009.806  001.378  000.082: require('config.diagnostics')
011.854  001.128  001.128: require('vim.lsp.protocol')
011.891  000.031  000.031: require('vim.fs')
011.911  001.348  000.189: require('vim.lsp.log')
013.034  000.006  000.006: require('vim._core.util')
013.043  001.130  001.124: require('vim.lsp.util')
013.438  000.183  000.183: require('vim.lsp.sync')
013.441  000.397  000.214: require('vim.lsp._changetracking')
013.862  000.131  000.131: require('vim.lsp._transport')
013.866  000.003  000.003: require('vim._core.stringbuffer')
013.888  000.446  000.311: require('vim.lsp.rpc')
013.930  004.008  000.688: require('vim.lsp')
014.199  004.392  000.384: require('config.lsp')
015.120  000.693  000.693: require('vim.lsp.buf')
015.131  000.931  000.238: require('config.keymaps')
015.677  000.384  000.384: require('lazy')
015.681  000.549  000.166: require('config.lazy')
015.682  008.312  000.070: sourcing /Users/hugo/.config/nvim/init.lua
015.686  000.576: sourcing vimrc file(s)
015.835  000.046  000.046: sourcing /opt/homebrew/Cellar/neovim/0.12.4/share/nvim/runtime/syntax/synload.vim
015.887  000.158  000.112: sourcing /opt/homebrew/Cellar/neovim/0.12.4/share/nvim/runtime/syntax/syntax.vim
015.894  000.050: inits 3
017.064  001.170: reading ShaDa
017.107  000.043: opening buffers
017.108  000.001: BufEnter autocommands
017.109  000.001: editing files in windows
017.137  000.027: VimEnter autocommands
017.138  000.001: UIEnter autocommands
017.138  000.001: before starting main loop
017.285  000.147: first screen update
017.286  000.001: --- NVIM STARTED ---

--- Startup times for process: Primary (or UI client) ---

times in msec
 clock   self+sourced   self:  sourced script
 clock   elapsed:              other lines

000.000  000.000: --- NVIM STARTING ---
000.121  000.121: event init
000.334  000.213: early init
000.830  000.495: locale set
000.872  000.043: init first window
001.391  000.519: inits 1
001.402  000.011: window checked
001.408  000.005: parsing arguments
001.890  000.044  000.044: require('vim._core.shared')
001.958  000.003  000.003: require('string.buffer')
001.981  000.040  000.036: require('vim.inspect')
002.038  000.050  000.050: require('vim._core.options')
002.040  000.147  000.057: require('vim._core.editor')
002.103  000.061  000.061: require('vim._core.system')
002.104  000.286  000.034: require('vim._init_packages')
002.106  000.412: init lua interpreter
005.376  003.270: nvim_ui_attach
005.628  000.252: nvim_set_client_info
005.629  000.001: --- NVIM STARTED ---

--- Startup times for process: Embedded ---

times in msec
 clock   self+sourced   self:  sourced script
 clock   elapsed:              other lines

000.000  000.000: --- NVIM STARTING ---
000.056  000.056: event init
000.169  000.113: early init
000.446  000.276: locale set
000.468  000.022: init first window
000.767  000.299: inits 1
000.776  000.009: window checked
000.779  000.004: parsing arguments
001.136  000.033  000.033: require('vim._core.shared')
001.191  000.002  000.002: require('string.buffer')
001.208  000.031  000.029: require('vim.inspect')
001.242  000.028  000.028: require('vim._core.options')
001.244  000.105  000.047: require('vim._core.editor')
001.282  000.038  000.038: require('vim._core.system')
001.283  000.200  000.024: require('vim._init_packages')
001.285  000.305: init lua interpreter
002.707  001.422: expanding arguments
002.719  000.012: inits 2
002.922  000.203: init highlight
002.923  000.001: waiting for UI
003.040  000.118: done waiting for UI
003.047  000.007: clear screen
003.169  000.011  000.011: require('vim.keymap')
003.891  000.107  000.107: sourcing nvim_exec2()
003.923  000.010  000.010: require('vim._core.log')
005.330  002.280  002.152: require('vim._core.defaults')
005.332  000.004: init default mappings & autocommands
005.736  000.038  000.038: sourcing /opt/homebrew/Cellar/neovim/0.12.4/share/nvim/runtime/ftplugin.vim
005.805  000.020  000.020: sourcing /opt/homebrew/Cellar/neovim/0.12.4/share/nvim/runtime/indent.vim
006.390  000.017  000.017: sourcing /Applications/Ghostty.app/Contents/Resources/ghostty/../nvim/site/ftdetect/ghostty.vim
006.404  000.136  000.118: sourcing nvim_exec2() called at /opt/homebrew/Cellar/neovim/0.12.4/share/nvim/runtime/filetype.lua:0
006.405  000.190  000.054: sourcing /opt/homebrew/Cellar/neovim/0.12.4/share/nvim/runtime/filetype.lua
006.459  000.006  000.006: sourcing /opt/homebrew/Cellar/neovim/0.12.4/share/nvim/runtime/ftplugin.vim
006.501  000.005  000.005: sourcing /opt/homebrew/Cellar/neovim/0.12.4/share/nvim/runtime/indent.vim
006.507  000.345  000.144: sourcing nvim_exec2() called at /Users/hugo/dotfiles/nvim/.config/nvim/init.lua:0
006.554  000.596  000.252: require('config.options')
006.653  000.098  000.098: require('config.icons')
006.745  000.090  000.090: require('config.autocmds')
006.843  000.097  000.097: require('config.theme')
008.124  000.004  000.004: require('vim.F')
008.153  001.238  001.234: require('vim.diagnostic')
008.155  001.312  000.074: require('config.diagnostics')
010.064  001.054  001.054: require('vim.lsp.protocol')
010.125  000.055  000.055: require('vim.fs')
010.161  001.307  000.198: require('vim.lsp.log')
011.245  000.006  000.006: require('vim._core.util')
011.255  001.092  001.085: require('vim.lsp.util')
011.658  000.181  000.181: require('vim.lsp.sync')
011.661  000.405  000.223: require('vim.lsp._changetracking')
012.064  000.130  000.130: require('vim.lsp._transport')
012.069  000.004  000.004: require('vim._core.stringbuffer')
012.091  000.429  000.296: require('vim.lsp.rpc')
012.110  003.857  000.625: require('vim.lsp')
012.373  004.216  000.359: require('config.lsp')
013.265  000.635  000.635: require('vim.lsp.buf')
013.306  000.932  000.297: require('config.keymaps')
013.794  000.376  000.376: require('lazy')
013.812  000.010  000.010: require('ffi')
013.950  000.123  000.123: require('vim.uri')
013.957  000.143  000.020: require('vim.loader')
014.130  000.164  000.164: require('lazy.stats')
014.244  000.087  000.087: require('lazy.core.util')
014.341  000.096  000.096: require('lazy.core.config')
014.553  000.110  000.110: require('lazy.core.handler')
014.855  000.121  000.121: require('lazy.pkg')
014.858  000.215  000.093: require('lazy.core.meta')
014.863  000.309  000.094: require('lazy.core.plugin')
014.870  000.527  000.109: require('lazy.core.loader')
015.110  000.080  000.080: require('lazy.core.fragments')
016.453  000.083  000.083: require('lazy.core.handler.cmd')
016.537  000.081  000.081: require('lazy.core.handler.event')
016.606  000.067  000.067: require('lazy.core.handler.ft')
016.682  000.075  000.075: require('lazy.core.handler.keys')
017.606  000.046  000.046: sourcing /opt/homebrew/Cellar/neovim/0.12.4/share/nvim/runtime/filetype.lua
017.609  000.091  000.045: sourcing nvim_exec2() called at /Users/hugo/dotfiles/nvim/.config/nvim/init.lua:0
018.476  000.074  000.074: require('vim.treesitter.language')
018.556  000.078  000.078: require('vim.func')
018.637  000.080  000.080: require('vim.treesitter._range')
018.724  000.084  000.084: require('vim.func._memoize')
018.737  000.471  000.154: require('vim.treesitter.query')
018.744  000.573  000.102: require('vim.treesitter.languagetree')
018.748  000.780  000.207: require('vim.treesitter')
018.830  000.912  000.132: sourcing /Users/hugo/.local/share/nvim/lazy/nvim-treesitter/plugin/filetypes.lua
018.832  000.954  000.042: sourcing nvim_exec2() called at /Users/hugo/dotfiles/nvim/.config/nvim/init.lua:0
018.929  000.053  000.053: sourcing /Users/hugo/.local/share/nvim/lazy/nvim-treesitter/plugin/nvim-treesitter.lua
018.931  000.094  000.041: sourcing nvim_exec2() called at /Users/hugo/dotfiles/nvim/.config/nvim/init.lua:0
019.010  000.040  000.040: sourcing /Users/hugo/.local/share/nvim/lazy/nvim-treesitter/plugin/query_predicates.lua
019.012  000.078  000.039: sourcing nvim_exec2() called at /Users/hugo/dotfiles/nvim/.config/nvim/init.lua:0
019.016  000.001  000.001: sourcing nvim_exec2() called at /Users/hugo/dotfiles/nvim/.config/nvim/init.lua:0
019.021  000.001  000.001: sourcing nvim_exec2() called at /Users/hugo/dotfiles/nvim/.config/nvim/init.lua:0
019.290  000.267  000.267: require('nvim-treesitter')
019.454  000.077  000.077: require('nvim-treesitter.async')
019.547  000.092  000.092: require('nvim-treesitter.config')
019.649  000.101  000.101: require('nvim-treesitter.log')
020.033  000.384  000.384: require('nvim-treesitter.parsers')
020.123  000.089  000.089: require('nvim-treesitter.util')
020.133  000.842  000.100: require('nvim-treesitter.install')
020.480  000.344  000.344: require('nvim-treesitter.parsers')
020.694  000.001  000.001: sourcing nvim_exec2() called at /Users/hugo/dotfiles/nvim/.config/nvim/init.lua:0
020.699  000.001  000.001: sourcing nvim_exec2() called at /Users/hugo/dotfiles/nvim/.config/nvim/init.lua:0
021.330  000.284  000.284: require('lualine_require')
021.574  000.874  000.589: require('lualine')
021.670  000.006  000.006: sourcing nvim_exec2() called at /Users/hugo/dotfiles/nvim/.config/nvim/init.lua:0
022.012  000.081  000.081: require('lualine.highlight')
022.418  000.005  000.005: sourcing nvim_exec2() called at /Users/hugo/dotfiles/nvim/.config/nvim/init.lua:0
022.428  000.002  000.002: sourcing nvim_exec2() called at /Users/hugo/dotfiles/nvim/.config/nvim/init.lua:0
022.433  000.001  000.001: sourcing nvim_exec2() called at /Users/hugo/dotfiles/nvim/.config/nvim/init.lua:0
022.437  000.001  000.001: sourcing nvim_exec2() called at /Users/hugo/dotfiles/nvim/.config/nvim/init.lua:0
022.442  000.001  000.001: sourcing nvim_exec2() called at /Users/hugo/dotfiles/nvim/.config/nvim/init.lua:0
022.446  000.001  000.001: sourcing nvim_exec2() called at /Users/hugo/dotfiles/nvim/.config/nvim/init.lua:0
022.450  000.001  000.001: sourcing nvim_exec2() called at /Users/hugo/dotfiles/nvim/.config/nvim/init.lua:0
022.454  000.002  000.002: sourcing nvim_exec2() called at /Users/hugo/dotfiles/nvim/.config/nvim/init.lua:0
022.458  000.001  000.001: sourcing nvim_exec2() called at /Users/hugo/dotfiles/nvim/.config/nvim/init.lua:0
022.462  000.001  000.001: sourcing nvim_exec2() called at /Users/hugo/dotfiles/nvim/.config/nvim/init.lua:0
022.536  000.002  000.002: sourcing nvim_exec2() called at /Users/hugo/dotfiles/nvim/.config/nvim/init.lua:0
022.542  000.001  000.001: sourcing nvim_exec2() called at /Users/hugo/dotfiles/nvim/.config/nvim/init.lua:0
022.546  000.001  000.001: sourcing nvim_exec2() called at /Users/hugo/dotfiles/nvim/.config/nvim/init.lua:0
022.550  000.001  000.001: sourcing nvim_exec2() called at /Users/hugo/dotfiles/nvim/.config/nvim/init.lua:0
022.598  000.001  000.001: sourcing nvim_exec2() called at /Users/hugo/dotfiles/nvim/.config/nvim/init.lua:0
022.655  000.002  000.002: sourcing nvim_exec2() called at /Users/hugo/dotfiles/nvim/.config/nvim/init.lua:0
022.659  000.001  000.001: sourcing nvim_exec2() called at /Users/hugo/dotfiles/nvim/.config/nvim/init.lua:0
022.663  000.001  000.001: sourcing nvim_exec2() called at /Users/hugo/dotfiles/nvim/.config/nvim/init.lua:0
022.667  000.001  000.001: sourcing nvim_exec2() called at /Users/hugo/dotfiles/nvim/.config/nvim/init.lua:0
022.671  000.001  000.001: sourcing nvim_exec2() called at /Users/hugo/dotfiles/nvim/.config/nvim/init.lua:0
022.674  000.001  000.001: sourcing nvim_exec2() called at /Users/hugo/dotfiles/nvim/.config/nvim/init.lua:0
022.677  000.001  000.001: sourcing nvim_exec2() called at /Users/hugo/dotfiles/nvim/.config/nvim/init.lua:0
022.683  000.004  000.004: sourcing nvim_exec2() called at /Users/hugo/dotfiles/nvim/.config/nvim/init.lua:0
023.249  000.005  000.005: sourcing nvim_exec2() called at /Users/hugo/dotfiles/nvim/.config/nvim/init.lua:0
023.253  000.002  000.002: sourcing nvim_exec2() called at /Users/hugo/dotfiles/nvim/.config/nvim/init.lua:0
023.360  000.074  000.074: require('lualine.utils.mode')
023.996  000.005  000.005: sourcing nvim_exec2() called at /Users/hugo/dotfiles/nvim/.config/nvim/init.lua:0
024.014  000.003  000.003: sourcing nvim_exec2() called at /Users/hugo/dotfiles/nvim/.config/nvim/init.lua:0
024.025  000.009  000.009: sourcing nvim_exec2() called at /Users/hugo/dotfiles/nvim/.config/nvim/init.lua:0
024.030  000.003  000.003: sourcing nvim_exec2() called at /Users/hugo/dotfiles/nvim/.config/nvim/init.lua:0
024.033  000.002  000.002: sourcing nvim_exec2() called at /Users/hugo/dotfiles/nvim/.config/nvim/init.lua:0
024.425  000.246  000.246: require('gitsigns')
024.726  000.068  000.068: require('gitsigns.debug.log')
024.905  000.098  000.098: require('gitsigns.util')
024.910  000.183  000.086: require('gitsigns.config')
025.166  000.699  000.447: require('gitsigns.highlight')
025.251  000.065  000.065: require('gitsigns.debounce')
025.256  001.111  000.101: sourcing /Users/hugo/.local/share/nvim/lazy/gitsigns.nvim/plugin/gitsigns.lua
025.258  001.148  000.037: sourcing nvim_exec2() called at /Users/hugo/dotfiles/nvim/.config/nvim/init.lua:0
025.261  000.001  000.001: sourcing nvim_exec2() called at /Users/hugo/dotfiles/nvim/.config/nvim/init.lua:0
025.266  000.001  000.001: sourcing nvim_exec2() called at /Users/hugo/dotfiles/nvim/.config/nvim/init.lua:0
025.870  000.309  000.309: require('blink.cmp')
026.014  000.067  000.067: require('blink.cmp.lib.async')
026.151  000.070  000.070: require('blink.cmp.config.utils')
026.210  000.058  000.058: require('blink.cmp.config.keymap')
026.330  000.058  000.058: require('blink.cmp.config.completion.keyword')
026.391  000.061  000.061: require('blink.cmp.config.completion.trigger')
026.451  000.059  000.059: require('blink.cmp.config.completion.list')
026.513  000.060  000.060: require('blink.cmp.config.completion.accept')
026.657  000.143  000.143: require('blink.cmp.config.completion.menu')
026.721  000.063  000.063: require('blink.cmp.config.completion.documentation')
026.780  000.058  000.058: require('blink.cmp.config.completion.ghost_text')
026.781  000.570  000.068: require('blink.cmp.config.completion')
026.871  000.090  000.090: require('blink.cmp.config.fuzzy')
026.967  000.094  000.094: require('blink.cmp.config.sources')
027.051  000.084  000.084: require('blink.cmp.config.signature')
027.147  000.094  000.094: require('blink.cmp.config.snippets')
027.212  000.064  000.064: require('blink.cmp.config.appearance')
027.271  000.058  000.058: require('blink.cmp.config.modes.cmdline')
027.338  000.067  000.067: require('blink.cmp.config.modes.term')
027.340  001.325  000.076: require('blink.cmp.config')
027.426  000.085  000.085: require('blink.cmp.lib.utils')
027.505  000.079  000.079: require('blink.cmp.lib.event_emitter')
027.509  001.637  000.081: require('blink.cmp.sources.lib')
027.566  002.042  000.096: sourcing /Users/hugo/.local/share/nvim/lazy/blink.cmp/plugin/blink-cmp.lua
027.567  002.079  000.037: sourcing nvim_exec2() called at /Users/hugo/dotfiles/nvim/.config/nvim/init.lua:0
027.570  000.001  000.001: sourcing nvim_exec2() called at /Users/hugo/dotfiles/nvim/.config/nvim/init.lua:0
027.575  000.001  000.001: sourcing nvim_exec2() called at /Users/hugo/dotfiles/nvim/.config/nvim/init.lua:0
027.640  000.055  000.055: require('blink-cmp')
028.647  000.064  000.064: require('blink.cmp.config.modes.types')
029.166  000.097  000.097: require('blink.cmp.fuzzy.download.system')
029.205  000.225  000.129: require('blink.cmp.fuzzy.download.files')
029.206  000.286  000.061: require('blink.cmp.fuzzy.download.git')
029.208  000.388  000.102: require('blink.cmp.fuzzy.download')
030.232  000.003  000.003: sourcing nvim_exec2() called at /Users/hugo/dotfiles/nvim/.config/nvim/init.lua:0
030.240  000.001  000.001: sourcing nvim_exec2() called at /Users/hugo/dotfiles/nvim/.config/nvim/init.lua:0
030.834  000.592  000.592: require('oil')
030.995  000.153  000.153: require('oil.ringbuf')
031.139  000.142  000.142: require('oil.config')
032.330  001.083  001.083: require('vim.filetype')
033.149  000.140  000.140: require('oil.log')
033.169  000.314  000.175: require('oil.fs')
033.646  000.274  000.274: require('oil.constants')
033.684  000.514  000.240: require('oil.util')
033.903  000.060  000.060: sourcing /opt/homebrew/Cellar/neovim/0.12.4/share/nvim/runtime/plugin/editorconfig.lua
033.906  000.110  000.050: sourcing nvim_exec2() called at /Users/hugo/dotfiles/nvim/.config/nvim/init.lua:0
034.025  000.084  000.084: sourcing /opt/homebrew/Cellar/neovim/0.12.4/share/nvim/runtime/plugin/gzip.vim
034.027  000.118  000.034: sourcing nvim_exec2() called at /Users/hugo/dotfiles/nvim/.config/nvim/init.lua:0
034.122  000.062  000.062: sourcing /opt/homebrew/Cellar/neovim/0.12.4/share/nvim/runtime/plugin/man.lua
034.124  000.095  000.033: sourcing nvim_exec2() called at /Users/hugo/dotfiles/nvim/.config/nvim/init.lua:0
034.550  000.098  000.098: sourcing /opt/homebrew/Cellar/neovim/0.12.4/share/nvim/runtime/pack/dist/opt/matchit/plugin/matchit.vim
034.559  000.403  000.304: sourcing /opt/homebrew/Cellar/neovim/0.12.4/share/nvim/runtime/plugin/matchit.vim
034.560  000.434  000.032: sourcing nvim_exec2() called at /Users/hugo/dotfiles/nvim/.config/nvim/init.lua:0
034.663  000.070  000.070: sourcing /opt/homebrew/Cellar/neovim/0.12.4/share/nvim/runtime/plugin/matchparen.vim
034.664  000.101  000.031: sourcing nvim_exec2() called at /Users/hugo/dotfiles/nvim/.config/nvim/init.lua:0
034.753  000.055  000.055: sourcing /opt/homebrew/Cellar/neovim/0.12.4/share/nvim/runtime/plugin/net.lua
034.755  000.088  000.033: sourcing nvim_exec2() called at /Users/hugo/dotfiles/nvim/.config/nvim/init.lua:0
034.791  000.005  000.005: sourcing /opt/homebrew/Cellar/neovim/0.12.4/share/nvim/runtime/plugin/netrwPlugin.vim
034.793  000.036  000.032: sourcing nvim_exec2() called at /Users/hugo/dotfiles/nvim/.config/nvim/init.lua:0
034.868  000.044  000.044: sourcing /opt/homebrew/Cellar/neovim/0.12.4/share/nvim/runtime/plugin/osc52.lua
034.870  000.075  000.030: sourcing nvim_exec2() called at /Users/hugo/dotfiles/nvim/.config/nvim/init.lua:0
034.978  000.077  000.077: sourcing /opt/homebrew/Cellar/neovim/0.12.4/share/nvim/runtime/plugin/rplugin.vim
034.979  000.107  000.030: sourcing nvim_exec2() called at /Users/hugo/dotfiles/nvim/.config/nvim/init.lua:0
035.065  000.053  000.053: sourcing /opt/homebrew/Cellar/neovim/0.12.4/share/nvim/runtime/plugin/shada.lua
035.066  000.085  000.032: sourcing nvim_exec2() called at /Users/hugo/dotfiles/nvim/.config/nvim/init.lua:0
035.137  000.034  000.034: sourcing /opt/homebrew/Cellar/neovim/0.12.4/share/nvim/runtime/plugin/spellfile.lua
035.139  000.071  000.036: sourcing nvim_exec2() called at /Users/hugo/dotfiles/nvim/.config/nvim/init.lua:0
035.215  000.043  000.043: sourcing /opt/homebrew/Cellar/neovim/0.12.4/share/nvim/runtime/plugin/tarPlugin.vim
035.216  000.075  000.032: sourcing nvim_exec2() called at /Users/hugo/dotfiles/nvim/.config/nvim/init.lua:0
035.257  000.009  000.009: sourcing /opt/homebrew/Cellar/neovim/0.12.4/share/nvim/runtime/plugin/tutor.vim
035.283  000.066  000.057: sourcing nvim_exec2() called at /Users/hugo/dotfiles/nvim/.config/nvim/init.lua:0
035.374  000.057  000.057: sourcing /opt/homebrew/Cellar/neovim/0.12.4/share/nvim/runtime/plugin/zipPlugin.vim
035.375  000.090  000.033: sourcing nvim_exec2() called at /Users/hugo/dotfiles/nvim/.config/nvim/init.lua:0
035.477  022.170  008.517: require('config.lazy')
035.478  029.575  000.062: sourcing /Users/hugo/.config/nvim/init.lua
035.484  000.519: sourcing vimrc file(s)
035.626  000.032  000.032: sourcing /opt/homebrew/Cellar/neovim/0.12.4/share/nvim/runtime/syntax/synload.vim
035.665  000.136  000.104: sourcing /opt/homebrew/Cellar/neovim/0.12.4/share/nvim/runtime/syntax/syntax.vim
035.671  000.052: inits 3
036.671  001.000: reading ShaDa
036.718  000.047: opening buffers
036.786  000.068: BufEnter autocommands
036.790  000.004: editing files in windows
036.815  000.025: VimEnter autocommands
036.837  000.022: UIEnter autocommands
036.838  000.001: before starting main loop
036.972  000.134: first screen update
036.972  000.001: --- NVIM STARTED ---

--- Startup times for process: Primary (or UI client) ---

times in msec
 clock   self+sourced   self:  sourced script
 clock   elapsed:              other lines

000.000  000.000: --- NVIM STARTING ---
000.120  000.119: event init
000.367  000.247: early init
000.891  000.524: locale set
000.943  000.052: init first window
001.553  000.610: inits 1
001.565  000.012: window checked
001.571  000.006: parsing arguments
002.193  000.058  000.058: require('vim._core.shared')
002.288  000.004  000.004: require('string.buffer')
002.318  000.055  000.051: require('vim.inspect')
002.378  000.052  000.052: require('vim._core.options')
002.381  000.184  000.077: require('vim._core.editor')
002.450  000.067  000.067: require('vim._core.system')
002.452  000.356  000.047: require('vim._init_packages')
002.455  000.528: init lua interpreter
006.104  003.649: nvim_ui_attach
006.449  000.346: nvim_set_client_info
006.451  000.001: --- NVIM STARTED ---

--- Startup times for process: Embedded ---

times in msec
 clock   self+sourced   self:  sourced script
 clock   elapsed:              other lines

000.000  000.000: --- NVIM STARTING ---
000.078  000.078: event init
000.236  000.158: early init
000.646  000.410: locale set
000.679  000.033: init first window
001.099  000.420: inits 1
001.110  000.011: window checked
001.114  000.004: parsing arguments
001.571  000.044  000.044: require('vim._core.shared')
001.641  000.003  000.003: require('string.buffer')
001.663  000.040  000.037: require('vim.inspect')
001.715  000.045  000.045: require('vim._core.options')
001.717  000.142  000.057: require('vim._core.editor')
001.769  000.051  000.051: require('vim._core.system')
001.770  000.270  000.033: require('vim._init_packages')
001.772  000.388: init lua interpreter
003.954  002.183: expanding arguments
003.973  000.019: inits 2
004.205  000.232: init highlight
004.206  000.001: waiting for UI
004.393  000.187: done waiting for UI
004.401  000.009: clear screen
004.540  000.015  000.015: require('vim.keymap')
005.335  000.131  000.131: sourcing nvim_exec2()
005.363  000.003  000.003: require('vim._core.log')
007.419  003.015  002.867: require('vim._core.defaults')
007.420  000.004: init default mappings & autocommands
007.949  000.055  000.055: sourcing /opt/homebrew/Cellar/neovim/0.12.4/share/nvim/runtime/ftplugin.vim
008.037  000.024  000.024: sourcing /opt/homebrew/Cellar/neovim/0.12.4/share/nvim/runtime/indent.vim
008.746  000.025  000.025: sourcing /Applications/Ghostty.app/Contents/Resources/ghostty/../nvim/site/ftdetect/ghostty.vim
008.766  000.178  000.153: sourcing nvim_exec2() called at /opt/homebrew/Cellar/neovim/0.12.4/share/nvim/runtime/filetype.lua:0
008.768  000.245  000.066: sourcing /opt/homebrew/Cellar/neovim/0.12.4/share/nvim/runtime/filetype.lua
008.835  000.007  000.007: sourcing /opt/homebrew/Cellar/neovim/0.12.4/share/nvim/runtime/ftplugin.vim
008.886  000.006  000.006: sourcing /opt/homebrew/Cellar/neovim/0.12.4/share/nvim/runtime/indent.vim
008.894  000.439  000.180: sourcing nvim_exec2() called at /Users/hugo/dotfiles/nvim/.config/nvim/init.lua:0
008.951  000.721  000.283: require('config.options')
009.064  000.111  000.111: require('config.icons')
009.179  000.113  000.113: require('config.autocmds')
009.303  000.123  000.123: require('config.theme')
010.675  000.004  000.004: require('vim.F')
010.728  001.326  001.323: require('vim.diagnostic')
010.731  001.427  000.101: require('config.diagnostics')
012.787  001.096  001.096: require('vim.lsp.protocol')
012.860  000.033  000.033: require('vim.fs')
012.878  001.360  000.231: require('vim.lsp.log')
013.948  000.006  000.006: require('vim._core.util')
013.958  001.078  001.072: require('vim.lsp.util')
014.407  000.205  000.205: require('vim.lsp.sync')
014.410  000.450  000.246: require('vim.lsp._changetracking')
014.880  000.148  000.148: require('vim.lsp._transport')
014.885  000.004  000.004: require('vim._core.stringbuffer')
014.909  000.498  000.346: require('vim.lsp.rpc')
014.928  004.076  000.690: require('vim.lsp')
015.505  004.773  000.697: require('config.lsp')
016.467  000.692  000.692: require('vim.lsp.buf')
016.479  000.972  000.280: require('config.keymaps')
016.976  000.383  000.383: require('lazy')
016.992  000.010  000.010: require('ffi')
017.168  000.159  000.159: require('vim.uri')
017.174  000.180  000.021: require('vim.loader')
017.329  000.143  000.143: require('lazy.stats')
017.554  000.194  000.194: require('lazy.core.util')
017.712  000.156  000.156: require('lazy.core.config')
017.978  000.135  000.135: require('lazy.core.handler')
018.339  000.151  000.151: require('lazy.pkg')
018.342  000.257  000.106: require('lazy.core.meta')
018.347  000.368  000.111: require('lazy.core.plugin')
018.352  000.639  000.137: require('lazy.core.loader')
018.667  000.117  000.117: require('lazy.core.fragments')
020.075  000.092  000.092: require('lazy.core.handler.keys')
020.158  000.081  000.081: require('lazy.core.handler.event')
020.228  000.068  000.068: require('lazy.core.handler.ft')
020.299  000.069  000.069: require('lazy.core.handler.cmd')
021.027  000.059  000.059: sourcing /opt/homebrew/Cellar/neovim/0.12.4/share/nvim/runtime/filetype.lua
021.029  000.092  000.033: sourcing nvim_exec2() called at /Users/hugo/dotfiles/nvim/.config/nvim/init.lua:0
021.895  000.078  000.078: require('vim.treesitter.language')
021.957  000.060  000.060: require('vim.func')
022.037  000.078  000.078: require('vim.treesitter._range')
022.102  000.062  000.062: require('vim.func._memoize')
022.113  000.414  000.135: require('vim.treesitter.query')
022.120  000.512  000.098: require('vim.treesitter.languagetree')
022.127  000.773  000.261: require('vim.treesitter')
022.261  000.964  000.192: sourcing /Users/hugo/.local/share/nvim/lazy/nvim-treesitter/plugin/filetypes.lua
022.263  001.008  000.044: sourcing nvim_exec2() called at /Users/hugo/dotfiles/nvim/.config/nvim/init.lua:0
022.356  000.051  000.051: sourcing /Users/hugo/.local/share/nvim/lazy/nvim-treesitter/plugin/nvim-treesitter.lua
022.358  000.090  000.039: sourcing nvim_exec2() called at /Users/hugo/dotfiles/nvim/.config/nvim/init.lua:0
022.437  000.041  000.041: sourcing /Users/hugo/.local/share/nvim/lazy/nvim-treesitter/plugin/query_predicates.lua
022.439  000.078  000.037: sourcing nvim_exec2() called at /Users/hugo/dotfiles/nvim/.config/nvim/init.lua:0
022.442  000.001  000.001: sourcing nvim_exec2() called at /Users/hugo/dotfiles/nvim/.config/nvim/init.lua:0
022.447  000.001  000.001: sourcing nvim_exec2() called at /Users/hugo/dotfiles/nvim/.config/nvim/init.lua:0
022.844  000.395  000.395: require('nvim-treesitter')
023.021  000.076  000.076: require('nvim-treesitter.async')
023.089  000.067  000.067: require('nvim-treesitter.config')
023.154  000.064  000.064: require('nvim-treesitter.log')
023.545  000.390  000.390: require('nvim-treesitter.parsers')
023.614  000.069  000.069: require('nvim-treesitter.util')
023.623  000.778  000.113: require('nvim-treesitter.install')
024.078  000.446  000.446: require('nvim-treesitter.parsers')
024.792  000.251  000.251: require('blink.cmp')
024.952  000.083  000.083: require('blink.cmp.lib.async')
025.092  000.061  000.061: require('blink.cmp.config.utils')
025.154  000.060  000.060: require('blink.cmp.config.keymap')
025.288  000.070  000.070: require('blink.cmp.config.completion.keyword')
025.360  000.070  000.070: require('blink.cmp.config.completion.trigger')
025.438  000.077  000.077: require('blink.cmp.config.completion.list')
025.504  000.066  000.066: require('blink.cmp.config.completion.accept')
025.578  000.073  000.073: require('blink.cmp.config.completion.menu')
025.668  000.089  000.089: require('blink.cmp.config.completion.documentation')
025.753  000.084  000.084: require('blink.cmp.config.completion.ghost_text')
025.754  000.599  000.070: require('blink.cmp.config.completion')
025.844  000.090  000.090: require('blink.cmp.config.fuzzy')
025.934  000.089  000.089: require('blink.cmp.config.sources')
026.004  000.069  000.069: require('blink.cmp.config.signature')
026.070  000.065  000.065: require('blink.cmp.config.snippets')
026.134  000.064  000.064: require('blink.cmp.config.appearance')
026.194  000.059  000.059: require('blink.cmp.config.modes.cmdline')
026.255  000.060  000.060: require('blink.cmp.config.modes.term')
026.256  001.303  000.088: require('blink.cmp.config')
026.322  000.065  000.065: require('blink.cmp.lib.utils')
026.381  000.058  000.058: require('blink.cmp.lib.event_emitter')
026.384  001.591  000.081: require('blink.cmp.sources.lib')
026.427  001.930  000.088: sourcing /Users/hugo/.local/share/nvim/lazy/blink.cmp/plugin/blink-cmp.lua
026.429  001.974  000.044: sourcing nvim_exec2() called at /Users/hugo/dotfiles/nvim/.config/nvim/init.lua:0
026.433  000.001  000.001: sourcing nvim_exec2() called at /Users/hugo/dotfiles/nvim/.config/nvim/init.lua:0
026.438  000.001  000.001: sourcing nvim_exec2() called at /Users/hugo/dotfiles/nvim/.config/nvim/init.lua:0
026.511  000.061  000.061: require('blink-cmp')
027.368  000.112  000.112: require('blink.cmp.config.modes.types')
027.842  000.073  000.073: require('blink.cmp.fuzzy.download.system')
027.901  000.205  000.133: require('blink.cmp.fuzzy.download.files')
027.902  000.286  000.081: require('blink.cmp.fuzzy.download.git')
027.905  000.385  000.099: require('blink.cmp.fuzzy.download')
029.175  000.250  000.250: require('gitsigns')
029.402  000.071  000.071: require('gitsigns.debug.log')
029.582  000.096  000.096: require('gitsigns.util')
029.587  000.185  000.089: require('gitsigns.config')
029.861  000.657  000.402: require('gitsigns.highlight')
029.935  000.061  000.061: require('gitsigns.debounce')
029.940  001.052  000.084: sourcing /Users/hugo/.local/share/nvim/lazy/gitsigns.nvim/plugin/gitsigns.lua
029.942  001.094  000.042: sourcing nvim_exec2() called at /Users/hugo/dotfiles/nvim/.config/nvim/init.lua:0
029.946  000.001  000.001: sourcing nvim_exec2() called at /Users/hugo/dotfiles/nvim/.config/nvim/init.lua:0
029.950  000.001  000.001: sourcing nvim_exec2() called at /Users/hugo/dotfiles/nvim/.config/nvim/init.lua:0
030.111  000.001  000.001: sourcing nvim_exec2() called at /Users/hugo/dotfiles/nvim/.config/nvim/init.lua:0
030.115  000.001  000.001: sourcing nvim_exec2() called at /Users/hugo/dotfiles/nvim/.config/nvim/init.lua:0
030.472  000.355  000.355: require('oil')
030.533  000.058  000.058: require('oil.ringbuf')
030.610  000.077  000.077: require('oil.config')
031.844  001.100  001.100: require('vim.filetype')
032.302  000.084  000.084: require('oil.log')
032.316  000.185  000.101: require('oil.fs')
032.524  000.094  000.094: require('oil.constants')
032.535  000.218  000.124: require('oil.util')
032.587  000.001  000.001: sourcing nvim_exec2() called at /Users/hugo/dotfiles/nvim/.config/nvim/init.lua:0
032.591  000.001  000.001: sourcing nvim_exec2() called at /Users/hugo/dotfiles/nvim/.config/nvim/init.lua:0
032.963  000.111  000.111: require('lualine_require')
033.202  000.609  000.498: require('lualine')
033.322  000.006  000.006: sourcing nvim_exec2() called at /Users/hugo/dotfiles/nvim/.config/nvim/init.lua:0
033.861  000.205  000.205: require('lualine.highlight')
034.696  000.005  000.005: sourcing nvim_exec2() called at /Users/hugo/dotfiles/nvim/.config/nvim/init.lua:0
034.703  000.002  000.002: sourcing nvim_exec2() called at /Users/hugo/dotfiles/nvim/.config/nvim/init.lua:0
034.708  000.001  000.001: sourcing nvim_exec2() called at /Users/hugo/dotfiles/nvim/.config/nvim/init.lua:0
034.713  000.002  000.002: sourcing nvim_exec2() called at /Users/hugo/dotfiles/nvim/.config/nvim/init.lua:0
034.716  000.001  000.001: sourcing nvim_exec2() called at /Users/hugo/dotfiles/nvim/.config/nvim/init.lua:0
034.720  000.001  000.001: sourcing nvim_exec2() called at /Users/hugo/dotfiles/nvim/.config/nvim/init.lua:0
034.723  000.001  000.001: sourcing nvim_exec2() called at /Users/hugo/dotfiles/nvim/.config/nvim/init.lua:0
034.727  000.001  000.001: sourcing nvim_exec2() called at /Users/hugo/dotfiles/nvim/.config/nvim/init.lua:0
034.730  000.001  000.001: sourcing nvim_exec2() called at /Users/hugo/dotfiles/nvim/.config/nvim/init.lua:0
034.734  000.001  000.001: sourcing nvim_exec2() called at /Users/hugo/dotfiles/nvim/.config/nvim/init.lua:0
034.737  000.001  000.001: sourcing nvim_exec2() called at /Users/hugo/dotfiles/nvim/.config/nvim/init.lua:0
034.740  000.001  000.001: sourcing nvim_exec2() called at /Users/hugo/dotfiles/nvim/.config/nvim/init.lua:0
034.809  000.002  000.002: sourcing nvim_exec2() called at /Users/hugo/dotfiles/nvim/.config/nvim/init.lua:0
034.815  000.001  000.001: sourcing nvim_exec2() called at /Users/hugo/dotfiles/nvim/.config/nvim/init.lua:0
034.818  000.001  000.001: sourcing nvim_exec2() called at /Users/hugo/dotfiles/nvim/.config/nvim/init.lua:0
034.823  000.002  000.002: sourcing nvim_exec2() called at /Users/hugo/dotfiles/nvim/.config/nvim/init.lua:0
034.851  000.001  000.001: sourcing nvim_exec2() called at /Users/hugo/dotfiles/nvim/.config/nvim/init.lua:0
034.855  000.001  000.001: sourcing nvim_exec2() called at /Users/hugo/dotfiles/nvim/.config/nvim/init.lua:0
034.858  000.001  000.001: sourcing nvim_exec2() called at /Users/hugo/dotfiles/nvim/.config/nvim/init.lua:0
034.861  000.001  000.001: sourcing nvim_exec2() called at /Users/hugo/dotfiles/nvim/.config/nvim/init.lua:0
034.864  000.001  000.001: sourcing nvim_exec2() called at /Users/hugo/dotfiles/nvim/.config/nvim/init.lua:0
034.867  000.001  000.001: sourcing nvim_exec2() called at /Users/hugo/dotfiles/nvim/.config/nvim/init.lua:0
034.896  000.005  000.005: sourcing nvim_exec2() called at /Users/hugo/dotfiles/nvim/.config/nvim/init.lua:0
035.298  000.072  000.072: require('lualine.utils.mode')
036.046  000.007  000.007: sourcing nvim_exec2() called at /Users/hugo/dotfiles/nvim/.config/nvim/init.lua:0
036.050  000.002  000.002: sourcing nvim_exec2() called at /Users/hugo/dotfiles/nvim/.config/nvim/init.lua:0
036.078  000.005  000.005: sourcing nvim_exec2() called at /Users/hugo/dotfiles/nvim/.config/nvim/init.lua:0
036.097  000.003  000.003: sourcing nvim_exec2() called at /Users/hugo/dotfiles/nvim/.config/nvim/init.lua:0
036.106  000.007  000.007: sourcing nvim_exec2() called at /Users/hugo/dotfiles/nvim/.config/nvim/init.lua:0
036.111  000.003  000.003: sourcing nvim_exec2() called at /Users/hugo/dotfiles/nvim/.config/nvim/init.lua:0
036.115  000.002  000.002: sourcing nvim_exec2() called at /Users/hugo/dotfiles/nvim/.config/nvim/init.lua:0
036.251  000.040  000.040: sourcing /opt/homebrew/Cellar/neovim/0.12.4/share/nvim/runtime/plugin/editorconfig.lua
036.253  000.079  000.039: sourcing nvim_exec2() called at /Users/hugo/dotfiles/nvim/.config/nvim/init.lua:0
036.368  000.082  000.082: sourcing /opt/homebrew/Cellar/neovim/0.12.4/share/nvim/runtime/plugin/gzip.vim
036.370  000.114  000.032: sourcing nvim_exec2() called at /Users/hugo/dotfiles/nvim/.config/nvim/init.lua:0
036.443  000.040  000.040: sourcing /opt/homebrew/Cellar/neovim/0.12.4/share/nvim/runtime/plugin/man.lua
036.445  000.072  000.032: sourcing nvim_exec2() called at /Users/hugo/dotfiles/nvim/.config/nvim/init.lua:0
036.842  000.090  000.090: sourcing /opt/homebrew/Cellar/neovim/0.12.4/share/nvim/runtime/pack/dist/opt/matchit/plugin/matchit.vim
036.851  000.375  000.285: sourcing /opt/homebrew/Cellar/neovim/0.12.4/share/nvim/runtime/plugin/matchit.vim
036.853  000.406  000.031: sourcing nvim_exec2() called at /Users/hugo/dotfiles/nvim/.config/nvim/init.lua:0
036.954  000.069  000.069: sourcing /opt/homebrew/Cellar/neovim/0.12.4/share/nvim/runtime/plugin/matchparen.vim
036.956  000.100  000.031: sourcing nvim_exec2() called at /Users/hugo/dotfiles/nvim/.config/nvim/init.lua:0
037.039  000.044  000.044: sourcing /opt/homebrew/Cellar/neovim/0.12.4/share/nvim/runtime/plugin/net.lua
037.041  000.083  000.039: sourcing nvim_exec2() called at /Users/hugo/dotfiles/nvim/.config/nvim/init.lua:0
037.079  000.005  000.005: sourcing /opt/homebrew/Cellar/neovim/0.12.4/share/nvim/runtime/plugin/netrwPlugin.vim
037.080  000.038  000.033: sourcing nvim_exec2() called at /Users/hugo/dotfiles/nvim/.config/nvim/init.lua:0
037.154  000.041  000.041: sourcing /opt/homebrew/Cellar/neovim/0.12.4/share/nvim/runtime/plugin/osc52.lua
037.155  000.073  000.032: sourcing nvim_exec2() called at /Users/hugo/dotfiles/nvim/.config/nvim/init.lua:0
037.276  000.088  000.088: sourcing /opt/homebrew/Cellar/neovim/0.12.4/share/nvim/runtime/plugin/rplugin.vim
037.277  000.120  000.032: sourcing nvim_exec2() called at /Users/hugo/dotfiles/nvim/.config/nvim/init.lua:0
037.364  000.053  000.053: sourcing /opt/homebrew/Cellar/neovim/0.12.4/share/nvim/runtime/plugin/shada.lua
037.366  000.087  000.034: sourcing nvim_exec2() called at /Users/hugo/dotfiles/nvim/.config/nvim/init.lua:0
037.443  000.039  000.039: sourcing /opt/homebrew/Cellar/neovim/0.12.4/share/nvim/runtime/plugin/spellfile.lua
037.444  000.077  000.038: sourcing nvim_exec2() called at /Users/hugo/dotfiles/nvim/.config/nvim/init.lua:0
037.519  000.042  000.042: sourcing /opt/homebrew/Cellar/neovim/0.12.4/share/nvim/runtime/plugin/tarPlugin.vim
037.520  000.074  000.033: sourcing nvim_exec2() called at /Users/hugo/dotfiles/nvim/.config/nvim/init.lua:0
037.563  000.009  000.009: sourcing /opt/homebrew/Cellar/neovim/0.12.4/share/nvim/runtime/plugin/tutor.vim
037.587  000.065  000.056: sourcing nvim_exec2() called at /Users/hugo/dotfiles/nvim/.config/nvim/init.lua:0
037.681  000.058  000.058: sourcing /opt/homebrew/Cellar/neovim/0.12.4/share/nvim/runtime/plugin/zipPlugin.vim
037.682  000.093  000.035: sourcing nvim_exec2() called at /Users/hugo/dotfiles/nvim/.config/nvim/init.lua:0
037.759  021.279  008.197: require('config.lazy')
037.760  029.597  000.076: sourcing /Users/hugo/.config/nvim/init.lua
037.765  000.669: sourcing vimrc file(s)
037.885  000.028  000.028: sourcing /opt/homebrew/Cellar/neovim/0.12.4/share/nvim/runtime/syntax/synload.vim
037.921  000.120  000.092: sourcing /opt/homebrew/Cellar/neovim/0.12.4/share/nvim/runtime/syntax/syntax.vim
037.927  000.042: inits 3
038.917  000.991: reading ShaDa
039.402  000.485: opening buffers
039.452  000.050: BufEnter autocommands
039.454  000.001: editing files in windows
039.474  000.021: VimEnter autocommands
039.495  000.020: UIEnter autocommands
039.496  000.001: before starting main loop
039.620  000.125: first screen update
039.621  000.001: --- NVIM STARTED ---

